syzkaller login: [   26.632329] scp (227) used greatest stack depth: 25368 bytes left
Warning: Permanently added '[localhost]:41957' (ED25519) to the list of known hosts.
2026/03/07 03:07:52 parsed 1 programs
Setting up swapspace version 1, size = 122.1 MiB (127995904 bytes)
no label, UUID=3ee452fe-eead-4780-a2e8-797c687b8d7e
[   30.906420] Adding 124996k swap on ./swap-file.  Priority:0 extents:1 across:124996k 
[   31.337485] audit: type=1400 audit(1772852873.528:6): avc:  denied  { execmem } for  pid=266 comm="syz-executor" scontext=system_u:system_r:kernel_t:s0 tcontext=system_u:system_r:kernel_t:s0 tclass=process permissive=1
[   35.712456] syz-executor (270) used greatest stack depth: 25152 bytes left
[   36.290187] audit: type=1401 audit(1772852878.481:7): op=setxattr invalid_context="u:object_r:app_data_file:s0:c512,c768"
2026/03/07 03:07:59 executed programs: 0
[   42.016628] loop3: detected capacity change from 0 to 512
[   42.026789] ------------[ cut here ]------------
[   42.028886] kernel BUG at fs/ext4/extents_status.c:202!
[   42.030953] invalid opcode: 0000 [#1] SMP KASAN PTI
[   42.032838] CPU: 1 PID: 1291 Comm: syz.3.17 Not tainted 5.15.0 #1
[   42.035183] Hardware name: QEMU Standard PC (i440FX + PIIX, 1996), BIOS 1.15.0-1 04/01/2014
[   42.038723] RIP: 0010:__es_tree_search.isra.0+0x1c2/0x210
[   42.040494] Code: 89 df 44 89 ee e8 0e fb 9c ff 44 39 eb 77 1d 45 31 e4 e8 21 fa 9c ff 4c 89 e0 5b 5d 41 5c 41 5d 41 5e 41 5f c3 e8 0e fa 9c ff <0f> 0b e8 07 fa 9c ff 4c 89 e7 e8 5f 2b 8e 00 49 89 c4 eb d4 e8 f5
[   42.048258] RSP: 0018:ffff88800f3471f0 EFLAGS: 00010246
[   42.049952] RAX: 0000000000000000 RBX: 0000000000000001 RCX: ffff888010470000
[   42.052244] RDX: 0000000000000000 RSI: ffff888010470000 RDI: 0000000000000002
[   42.054512] RBP: 0000000000000001 R08: ffffffff819e5a82 R09: 0000000000000001
[   42.056793] R10: 0000000000000004 R11: ffffed1001e68e3a R12: ffff88800de13188
[   42.059086] R13: 0000000000000000 R14: dffffc0000000000 R15: 0000000000000001
[   42.061363] FS:  0000555556453500(0000) GS:ffff88806d100000(0000) knlGS:0000000000000000
[   42.063958] CS:  0010 DS: 0000 ES: 0000 CR0: 0000000080050033
[   42.065810] CR2: 00007fd03d71e7b0 CR3: 000000001042c000 CR4: 00000000000006e0
[   42.068139] DR0: 0000000000000000 DR1: 0000000000000000 DR2: 0000000000000000
[   42.070439] DR3: 0000000000000000 DR6: 00000000fffe0ff0 DR7: 0000000000000400
[   42.072752] Call Trace:
[   42.073571]  ext4_es_cache_extent+0x217/0x3c0
[   42.075024]  ? ext4_es_insert_extent+0x8c0/0x8c0
[   42.076577]  ? deref_stack_reg+0x33/0x70
[   42.077901]  ? get_reg+0xef/0x170
[   42.079042]  ext4_cache_extents+0x238/0x2f0
[   42.080444]  ext4_find_extent+0x7ae/0xb10
[   42.081781]  ext4_ext_map_blocks+0x15e/0x3ea0
[   42.083250]  ? ext4_ext_release+0x10/0x10
[   42.084579]  ? stack_trace_save+0x8c/0xc0
[   42.085909]  ? stack_trace_consume_entry+0x160/0x160
[   42.087560]  ? stack_depot_save+0x1dd/0x460
[   42.088951]  ? down_read+0x121/0x200
[   42.090161]  ? rwsem_down_read_slowpath+0x980/0x980
[   42.091783]  ? __sanitizer_cov_trace_pc+0x1a/0x40
[   42.093338]  ? ext4_es_lookup_extent+0xc4/0x9f0
[   42.094858]  ext4_map_blocks+0x99e/0x1770
[   42.096199]  ? __sanitizer_cov_trace_pc+0x1a/0x40
[   42.097762]  ? ext4_issue_zeroout+0x1c0/0x1c0
[   42.099228]  ? __sanitizer_cov_trace_pc+0x1a/0x40
[   42.100773]  ? __ext4_get_inode_loc+0x42a/0x10e0
[   42.102309]  ? stack_trace_save+0x8c/0xc0
[   42.103683]  ? stack_trace_consume_entry+0x160/0x160
[   42.105327]  ext4_getblk+0x48f/0x6a0
[   42.106525]  ? ext4_iomap_overwrite_begin+0xa0/0xa0
[   42.108148]  ? _raw_spin_lock+0x75/0xd0
[   42.109433]  ? __sanitizer_cov_trace_pc+0x1a/0x40
[   42.110998]  ext4_bread+0x2a/0x1c0
[   42.112145]  ext4_quota_read+0x214/0x2e0
[   42.113457]  v2_read_header+0x79/0x110
[   42.114729]  v2_check_quota_file+0x73/0x180
[   42.116117]  ? v2_read_header+0x110/0x110
[   42.117444]  ? _raw_read_lock_irq+0x30/0x30
[   42.118889]  dquot_load_quota_sb+0x510/0xef0
[   42.120348]  dquot_load_quota_inode+0x1ce/0x330
[   42.121943]  ext4_enable_quotas+0x48a/0x6d0
[   42.123346]  ? ext4_force_commit+0xe0/0xe0
[   42.124705]  ? 0xffffffff81000000
[   42.125813]  ? proc_create_seq_private+0x116/0x170
[   42.127394]  ? proc_create+0x30/0x30
[   42.128583]  ? ext4_orphan_file_block_trigger+0x470/0x470
[   42.130333]  ? __sanitizer_cov_trace_pc+0x1a/0x40
[   42.131890]  ext4_fill_super+0xcc68/0xceb0
[   42.133246]  ? ext4_enable_quotas+0x6d0/0x6d0
[   42.134706]  ? mutex_unlock+0x7b/0xd0
[   42.135921]  ? __sanitizer_cov_trace_pc+0x1a/0x40
[   42.137454]  ? set_blocksize+0x26d/0x2d0
[   42.138778]  mount_bdev+0x32c/0x3f0
[   42.139956]  ? ext4_enable_quotas+0x6d0/0x6d0
[   42.141414]  ? ext4_nfs_get_inode+0xd0/0xd0
[   42.142829]  legacy_get_tree+0xf3/0x200
[   42.144115]  ? __sanitizer_cov_trace_pc+0x1a/0x40
[   42.145671]  ? ns_capable_common+0xdd/0x100
[   42.147096]  vfs_get_tree+0x88/0x2e0
[   42.148297]  path_mount+0x693/0x1ba0
[   42.149501]  ? kasan_set_track+0x1c/0x30
[   42.150836]  ? finish_automount+0x6a0/0x6a0
[   42.152230]  ? kmem_cache_free+0x74/0x270
[   42.153566]  ? putname+0xfe/0x140
[   42.154688]  do_mount+0xf3/0x110
[   42.155774]  ? path_mount+0x1ba0/0x1ba0
[   42.157042]  ? __sanitizer_cov_trace_pc+0x1a/0x40
[   42.158596]  ? __sanitizer_cov_trace_pc+0x1a/0x40
[   42.160183]  __x64_sys_mount+0x18f/0x230
[   42.161508]  do_syscall_64+0x3b/0x90
[   42.162750]  entry_SYSCALL_64_after_hwframe+0x44/0xae
[   42.164413] RIP: 0033:0x7fd03d772f2e
[   42.165618] Code: 48 c7 c0 ff ff ff ff eb aa e8 5e 20 00 00 66 2e 0f 1f 84 00 00 00 00 00 0f 1f 40 00 f3 0f 1e fa 49 89 ca b8 a5 00 00 00 0f 05 <48> 3d 01 f0 ff ff 73 01 c3 48 c7 c1 a8 ff ff ff f7 d8 64 89 01 48
[   42.171749] RSP: 002b:00007fffba413da8 EFLAGS: 00000246 ORIG_RAX: 00000000000000a5
[   42.174245] RAX: ffffffffffffffda RBX: 0000000000000535 RCX: 00007fd03d772f2e
[   42.176639] RDX: 00002000000004c0 RSI: 0000200000000580 RDI: 00007fffba413e00
[   42.179024] RBP: 00007fffba413e40 R08: 00007fffba413e40 R09: 0000000000000000
[   42.181341] R10: 0000000000000000 R11: 0000000000000246 R12: 00002000000004c0
[   42.183680] R13: 0000200000000580 R14: 00007fffba413e00 R15: 00002000000005c0
[   42.186008] Modules linked in:
[   42.187117] ---[ end trace d649beb0a876ad0c ]---
[   42.188881] RIP: 0010:__es_tree_search.isra.0+0x1c2/0x210
[   42.190927] Code: 89 df 44 89 ee e8 0e fb 9c ff 44 39 eb 77 1d 45 31 e4 e8 21 fa 9c ff 4c 89 e0 5b 5d 41 5c 41 5d 41 5e 41 5f c3 e8 0e fa 9c ff <0f> 0b e8 07 fa 9c ff 4c 89 e7 e8 5f 2b 8e 00 49 89 c4 eb d4 e8 f5
[   42.197769] RSP: 0018:ffff88800f3471f0 EFLAGS: 00010246
[   42.199768] RAX: 0000000000000000 RBX: 0000000000000001 RCX: ffff888010470000
[   42.202447] RDX: 0000000000000000 RSI: ffff888010470000 RDI: 0000000000000002
[   42.205124] RBP: 0000000000000001 R08: ffffffff819e5a82 R09: 0000000000000001
[   42.207788] R10: 0000000000000004 R11: ffffed1001e68e3a R12: ffff88800de13188
[   42.210454] R13: 0000000000000000 R14: dffffc0000000000 R15: 0000000000000001
[   42.213124] FS:  0000555556453500(0000) GS:ffff88806d100000(0000) knlGS:0000000000000000
[   42.215988] CS:  0010 DS: 0000 ES: 0000 CR0: 0000000080050033
[   42.217970] CR2: 00007fd03d71e7b0 CR3: 000000001042c000 CR4: 00000000000006e0
[   42.220302] DR0: 0000000000000000 DR1: 0000000000000000 DR2: 0000000000000000
[   42.222734] DR3: 0000000000000000 DR6: 00000000fffe0ff0 DR7: 0000000000000400
[   42.236760] syz-executor (836) used greatest stack depth: 25064 bytes left

VM DIAGNOSIS:
21:08:04  Registers:
info registers vcpu 0
RAX=0000000000000000 RBX=dffffc0000000000 RCX=ffff8880094c0000 RDX=0000000000000000
RSI=ffff8880094c0000 RDI=0000000000000002 RBP=ffff8880094e7d20 RSP=ffff8880094e7c58
R8 =ffffffff8147f464 R9 =000000007fff0000 R10=0000000000000004 R11=ffffed10012a3786
R12=ffff8880094e7d50 R13=ffff8880094e7d58 R14=ffff8880094e7e30 R15=ffffc90000a6f060
RIP=ffffffff8147f481 RFL=00000246 [---Z-P-] CPL=0 II=0 A20=1 SMM=0 HLT=0
ES =0000 0000000000000000 ffffffff 00c00000
CS =0010 0000000000000000 ffffffff 00a09b00 DPL=0 CS64 [-RA]
SS =0018 0000000000000000 ffffffff 00c09300 DPL=0 DS   [-WA]
DS =0000 0000000000000000 ffffffff 00c00000
FS =0000 00007f830254b8c0 ffffffff 00c00000
GS =0000 ffff88806d000000 ffffffff 00c00000
LDT=0000 0000000000000000 ffffffff 00c00000
TR =0040 fffffe0000003000 00004087 00008b00 DPL=0 TSS64-busy
GDT=     fffffe0000001000 0000007f
IDT=     fffffe0000000000 00000fff
CR0=80050033 CR2=000055cef09679b8 CR3=000000000e214000 CR4=000006f0
DR0=0000000000000000 DR1=0000000000000000 DR2=0000000000000000 DR3=0000000000000000 
DR6=00000000fffe0ff0 DR7=0000000000000400
EFER=0000000000000d01
FCW=037f FSW=0000 [ST=0] FTW=00 MXCSR=00001f80
FPR0=0000000000000000 0000 FPR1=0000000000000000 0000
FPR2=0000000000000000 0000 FPR3=0000000000000000 0000
FPR4=0000000000000000 0000 FPR5=0000000000000000 0000
FPR6=0000000000000000 0000 FPR7=0000000000000000 0000
XMM00=002f617461642f76 6564752f6e75722f XMM01=0000000000000000 0000000000000000
XMM02=0000000000000000 0000000000000000 XMM03=0000000000000000 0000000000000000
XMM04=ffffffffffffffff ffffffff00000000 XMM05=0000000000ff0000 0000ff0000000000
XMM06=0000000300000000 000055cef0937d00 XMM07=000055cef0940100 0000000200000004
XMM08=000055cef0950c70 000055cef0901200 XMM09=ffff000000000000 000000ffff00ffff
XMM10=0000000000000000 0000000000000000 XMM11=ffff00ffffffffff ffff00ffffffffff
XMM12=0000000000000000 0000000000000000 XMM13=0000000000000000 0000000000000000
XMM14=0000000000000000 0000000000000000 XMM15=0000000000000000 0000000000000000
info registers vcpu 1
RAX=0000000000000020 RBX=00000000000003f8 RCX=0000000000000000 RDX=00000000000003f8
RSI=ffff888010470000 RDI=ffffffff85f1b708 RBP=ffffffff85f1b700 RSP=ffff88800f346b30
R8 =ffffffff825350d1 R9 =0000000000000000 R10=0000000000000005 R11=ffffed1001e68d66
R12=0000000000000020 R13=0000000000000020 R14=ffffffff85f1b700 R15=dffffc0000000000
RIP=ffffffff82535128 RFL=00000002 [-------] CPL=0 II=0 A20=1 SMM=0 HLT=0
ES =0000 0000000000000000 ffffffff 00c00000
CS =0010 0000000000000000 ffffffff 00a09b00 DPL=0 CS64 [-RA]
SS =0018 0000000000000000 ffffffff 00c09300 DPL=0 DS   [-WA]
DS =0000 0000000000000000 ffffffff 00c00000
FS =0000 0000555556453500 ffffffff 00c00000
GS =0000 ffff88806d100000 ffffffff 00c00000
LDT=0000 0000000000000000 ffffffff 00c00000
TR =0040 fffffe000003e000 00004087 00008b00 DPL=0 TSS64-busy
GDT=     fffffe000003c000 0000007f
IDT=     fffffe0000000000 00000fff
CR0=80050033 CR2=00007fd03d71e7b0 CR3=000000001042c000 CR4=000006e0
DR0=0000000000000000 DR1=0000000000000000 DR2=0000000000000000 DR3=0000000000000000 
DR6=00000000fffe0ff0 DR7=0000000000000400
EFER=0000000000000d01
FCW=037f FSW=0000 [ST=0] FTW=00 MXCSR=00001f80
FPR0=0000000000000000 0000 FPR1=0000000000000000 0000
FPR2=0000000000000000 0000 FPR3=0000000000000000 0000
FPR4=0000000000000000 0000 FPR5=0000000000000000 0000
FPR6=0000000000000000 0000 FPR7=0000000000000000 0000
XMM00=0000000000000000 0000000000000000 XMM01=2525252525252525 2525252525252525
XMM02=646e657300444c4f 5f48544150564544 XMM03=0000000000000000 0000000000000000
XMM04=0000000000000000 00000000000000ff XMM05=000055cef094d360 0000000900000004
XMM06=0000000400000003 000055cef094d380 XMM07=000055cef0901900 000055cef092d4f0
XMM08=0000000000000120 44455a494c414954 XMM09=ffff000000000000 000000ffff00ffff
XMM10=0000000000000000 0000000000000000 XMM11=ffff00ffffffffff ffff00ffffffffff
XMM12=0000000000000000 0000000000000000 XMM13=0000000000000000 0000000000000000
XMM14=0000000000000000 0000000000000000 XMM15=0000000000000000 0000000000000000
