Warning: Permanently added '[localhost]:12260' (ED25519) to the list of known hosts.
2026/03/07 01:57:53 parsed 1 programs
Setting up swapspace version 1, size = 122.1 MiB (127995904 bytes)
no label, UUID=7cab77b4-3a0e-490e-a6f5-cdcbdc931d8a
syzkaller login: [   32.712712] Adding 124996k swap on ./swap-file.  Priority:0 extents:1 across:124996k 
[   33.108350] audit: type=1400 audit(1772848674.361:6): avc:  denied  { execmem } for  pid=265 comm="syz-executor" scontext=system_u:system_r:kernel_t:s0 tcontext=system_u:system_r:kernel_t:s0 tclass=process permissive=1
[   33.750299] audit: type=1401 audit(1772848675.003:7): op=setxattr invalid_context="u:object_r:app_data_file:s0:c512,c768"
[   38.634060] syz-executor (382) used greatest stack depth: 25152 bytes left
2026/03/07 01:58:00 executed programs: 0
[   43.348300] general protection fault, probably for non-canonical address 0xdffffc0000000000: 0000 [#1] SMP KASAN PTI
[   43.357003] KASAN: null-ptr-deref in range [0x0000000000000000-0x0000000000000007]
[   43.362442] CPU: 0 PID: 1301 Comm: syz.3.17 Not tainted 5.15.0 #1
[   43.365311] Hardware name: QEMU Standard PC (i440FX + PIIX, 1996), BIOS 1.15.0-1 04/01/2014
[   43.369200] RIP: 0010:scsi_queue_rq+0x1ff0/0x2bb0
[   43.371482] Code: 00 fc ff df 48 c1 ea 03 80 3c 02 00 0f 85 ae 0b 00 00 48 8b 83 f0 01 00 00 48 ba 00 00 00 00 00 fc ff df 48 89 c1 48 c1 e9 03 <0f> b6 14 11 48 89 c1 83 e1 07 38 ca 7f 08 84 d2 0f 85 4e 0b 00 00
[   43.377530] RSP: 0018:ffff88801df27800 EFLAGS: 00010246
[   43.379211] RAX: 0000000000000000 RBX: ffff88800a0d5300 RCX: 0000000000000000
[   43.381446] RDX: dffffc0000000000 RSI: ffff88800cd5ab80 RDI: 0000000000000002
[   43.383712] RBP: ffff8880091e1000 R08: ffffffff82c5a859 R09: 0000000000000000
[   43.385977] R10: 0000000000000003 R11: ffffed100141aaa1 R12: 0000000000000000
[   43.388241] R13: 0000000000000000 R14: 0000000000000000 R15: ffff88800a296000
[   43.390505] FS:  0000555555ae1500(0000) GS:ffff88806d000000(0000) knlGS:0000000000000000
[   43.393086] CS:  0010 DS: 0000 ES: 0000 CR0: 0000000080050033
[   43.394954] CR2: 0000001b31963fff CR3: 00000000098b2000 CR4: 00000000000006f0
[   43.397274] DR0: 0000000000000000 DR1: 0000000000000000 DR2: 0000000000000000
[   43.399587] DR3: 0000000000000000 DR6: 00000000fffe0ff0 DR7: 0000000000000400
[   43.401903] Call Trace:
[   43.402728]  blk_mq_dispatch_rq_list+0x3e7/0x2050
[   43.404290]  ? __sanitizer_cov_trace_pc+0x1a/0x40
[   43.405837]  ? _find_next_bit+0x1e5/0x260
[   43.407174]  ? __blk_mq_try_issue_directly+0x7b0/0x7b0
[   43.408864]  ? __sbitmap_get_word+0x12a/0x140
[   43.410303]  ? _raw_spin_lock+0x75/0xd0
[   43.411598]  ? _raw_read_lock_irq+0x30/0x30
[   43.412996]  ? sbitmap_get+0x41f/0x620
[   43.414244]  __blk_mq_sched_dispatch_requests+0x29a/0x520
[   43.416014]  ? blk_mq_sched_mark_restart_hctx+0x80/0x80
[   43.417719]  ? __sanitizer_cov_trace_pc+0x1a/0x40
[   43.419264]  ? memcpy+0x39/0x60
[   43.420328]  blk_mq_sched_dispatch_requests+0xfb/0x180
[   43.422022]  __blk_mq_run_hw_queue+0x7f/0x110
[   43.423472]  __blk_mq_delay_run_hw_queue+0x50b/0x560
[   43.425108]  ? __sanitizer_cov_trace_pc+0x1a/0x40
[   43.426655]  blk_mq_run_hw_queue+0x151/0x2e0
[   43.428068]  blk_mq_sched_insert_request+0x316/0x420
[   43.429709]  ? __blk_mq_sched_bio_merge+0x3f0/0x3f0
[   43.431317]  ? __sanitizer_cov_trace_pc+0x1a/0x40
[   43.432847]  ? blk_account_io_start+0xc/0x1d0
[   43.434259]  blk_execute_rq+0xd3/0x380
[   43.435502]  ? __sanitizer_cov_trace_pc+0x1a/0x40
[   43.437030]  ? cap_capable+0x1eb/0x250
[   43.438267]  ? blk_end_sync_rq+0x50/0x50
[   43.439560]  ? __sanitizer_cov_trace_pc+0x1a/0x40
[   43.441085]  ? ns_capable_common+0xdd/0x100
[   43.442470]  scsi_bsg_sg_io_fn+0x3fc/0xc40
[   43.443844]  ? _copy_from_user+0x8c/0xd0
[   43.445168]  ? scsi_autopm_put_host+0x20/0x20
[   43.446627]  bsg_sg_io+0x1a3/0x290
[   43.447778]  ? bsg_devnode+0x80/0x80
[   43.448966]  ? selinux_file_ioctl+0x48b/0x5f0
[   43.450420]  ? __x64_sys_futex+0x1c6/0x480
[   43.451768]  ? __sanitizer_cov_trace_pc+0x1a/0x40
[   43.453326]  ? __x64_sys_futex+0x1cf/0x480
[   43.454706]  bsg_ioctl+0x415/0x510
[   43.455818]  ? bsg_sg_io+0x290/0x290
[   43.456993]  __x64_sys_ioctl+0x196/0x210
[   43.458281]  do_syscall_64+0x3b/0x90
[   43.459462]  entry_SYSCALL_64_after_hwframe+0x44/0xae
[   43.461109] RIP: 0033:0x7f5ccc1e40bd
[   43.462284] Code: 02 b8 ff ff ff ff c3 66 0f 1f 44 00 00 f3 0f 1e fa 48 89 f8 48 89 f7 48 89 d6 48 89 ca 4d 89 c2 4d 89 c8 4c 8b 4c 24 08 0f 05 <48> 3d 01 f0 ff ff 73 01 c3 48 c7 c1 a8 ff ff ff f7 d8 64 89 01 48
[   43.468075] RSP: 002b:00007ffdf7308078 EFLAGS: 00000246 ORIG_RAX: 0000000000000010
[   43.470479] RAX: ffffffffffffffda RBX: 00007f5ccc468fa0 RCX: 00007f5ccc1e40bd
[   43.472769] RDX: 0000200000000240 RSI: 0000000000002285 RDI: 0000000000000003
[   43.475060] RBP: 00007f5ccc280d3d R08: 0000000000000000 R09: 0000000000000000
[   43.477316] R10: 0000000000000000 R11: 0000000000000246 R12: 0000000000000000
[   43.479547] R13: 00007f5ccc468fac R14: 00007f5ccc468fa0 R15: 0000000000000000
[   43.481822] Modules linked in:
[   43.482926] ---[ end trace 1d675003a914b09d ]---
[   43.484399] RIP: 0010:scsi_queue_rq+0x1ff0/0x2bb0
[   43.485936] Code: 00 fc ff df 48 c1 ea 03 80 3c 02 00 0f 85 ae 0b 00 00 48 8b 83 f0 01 00 00 48 ba 00 00 00 00 00 fc ff df 48 89 c1 48 c1 e9 03 <0f> b6 14 11 48 89 c1 83 e1 07 38 ca 7f 08 84 d2 0f 85 4e 0b 00 00
[   43.491680] RSP: 0018:ffff88801df27800 EFLAGS: 00010246
[   43.493381] RAX: 0000000000000000 RBX: ffff88800a0d5300 RCX: 0000000000000000
[   43.495658] RDX: dffffc0000000000 RSI: ffff88800cd5ab80 RDI: 0000000000000002
[   43.497941] RBP: ffff8880091e1000 R08: ffffffff82c5a859 R09: 0000000000000000
[   43.500218] R10: 0000000000000003 R11: ffffed100141aaa1 R12: 0000000000000000
[   43.502506] R13: 0000000000000000 R14: 0000000000000000 R15: ffff88800a296000
[   43.504819] FS:  0000555555ae1500(0000) GS:ffff88806d000000(0000) knlGS:0000000000000000
[   43.507436] CS:  0010 DS: 0000 ES: 0000 CR0: 0000000080050033
[   43.509328] CR2: 0000001b31963fff CR3: 00000000098b2000 CR4: 00000000000006f0
[   43.511658] DR0: 0000000000000000 DR1: 0000000000000000 DR2: 0000000000000000
[   43.513965] DR3: 0000000000000000 DR6: 00000000fffe0ff0 DR7: 0000000000000400
